ok   assemble runs end to end
ok   downloads exactly the 14 lead-in and 2 window days
ok   no day before the lead-in is read
ok   lead-in units hold only events, stats and blocks
ok   window units are complete
ok   unit crossing midnight: same files kept, window-only files moved in
ok   midnight unit: stats.json copies differing in seconds/finished_at merge, first copy kept
ok   per-day parts and temp dirs deleted
ok   finalize gets -part-mb 1900 -lead-in-days 14, no -allow-revisions
ok   strict QA with --live 60
ok   release data-FROM-TO holds flat day files, manifest, mints, QA, parity, valid SHA256SUMS
ok   release files were moved, not copied
ok   window over 3 days refused (default)
ok   MAX_WINDOW_DAYS is honoured
ok   reversed window refused
ok   existing dataset release refused
ok   missing lead-in day fails before any download
ok   free-space guard (3x tar + 10 GB)
ok   corrupt window part fails the checksum
ok   corrupt lead-in events asset fails the checksum
ok   lead-in days download only the events asset (a lead-in day with no tar parts still assembles)
ok   midnight unit with a different scanner_revision fails
ok   midnight unit across two revisions merges when both are in ALLOW_REVISIONS (data files still hash equal)
ok   midnight unit fails when one of its two revisions is not in ALLOW_REVISIONS
ok   malformed ALLOW_REVISIONS refused
ok   ALLOW_REVISIONS passed as -allow-revisions
ok   scan-day honours an existing back-off: waits until its end (120 s) before the first scan
ok   after scanner exit 75 the wait is >= 3600 s (3600 s), then the same lane resumes
ok   429 log goes to the summary and is kept
ok   a back-off that does not fit the budget sleeps what the budget allows (3300 s of 3600 left), then exits 75 without scanning
ok   the scan is interrupted at the budget's end and exits 75 (resumable) in 2 s
ok   a spent budget exits 75 before scanning
ok   merge-state: a later back-off end replaces an earlier one
ok   merge-state: an earlier end never replaces a later one
ok   merge-state: a missing source is a no-op, a missing destination is created
ok   merge_unit: equal files pass, new files moved, source removed
ok   merge_unit fails on a hash mismatch
ok   merge_unit moves a new unit in
ok   merge_unit: stats.json differing only in seconds keeps the first copy
ok   merge_unit fails on a stats.json identity mismatch (blocks)
ok   finalize_guard passes at exactly 2 x units + 10 GB
ok   finalize_guard fails one byte under 2 x units + 10 GB
ok   day_list: 14 lead-in days + window
ok   more than 990 assets refused
ok   scan-day: cached units of another revision or with no scanner_revision are dropped and rescanned, the rest kept
ok   publish-day: release data-day-DAY created with parts, QA, manifest, parity and sums
ok   publish-day: a complete release is accepted unchanged although the rerun's QA files differ in size
ok   publish-day --check: a published, complete day is reported (the scan job then skips it before any read)
ok   publish-day --check: an unpublished day is scanned
ok   publish-day: a draft release is refused and not touched
ok   publish-day: an asset not fully uploaded is refused
ok   publish-day: a release missing a part (count from its own SHA256SUMS) fails and is not touched
ok   publish-day --check: an incomplete release fails the job
ok   publish-day --check: a gh error other than 'release not found' fails, never reads as absent
ok   publish-day: a checksum mismatch publishes nothing
ok   publish-day: a missing parity report publishes nothing
ok   publish-day: a file not listed in SHA256SUMS publishes nothing
ok   publish-day: 2026-10-02 and later refused before any gh call
ok   volume-asset: plain 24-hour CSV and the cross-check result
ok   publish-volume: release data-volume-DAY created with the CSV and its check
ok   publish-volume: the same content again is accepted unchanged
ok   publish-volume: other content fails, the release is not touched
ok   publish-volume: a CSV that is not 24 hours of the day publishes nothing
ok   publish-volume: covered other than 0/1 publishes nothing
ok   publish-volume: a cross-check with mismatches publishes nothing
ok   publish-volume: a gh error other than 'release not found' fails, never publishes
ok   volume-day: a published day's tar parts are verified, extracted, finalized, cross-checked and turned into the volume asset
ok   volume-day: a part failing its checksum stops before any asset
ok   volume-day: a missing part stops before extraction
ok   volume-day: the rebuild refuses to run with GH_TOKEN set (the token stays in the download step)
ok   scanner-rev: a toolchain-only change gives a new revision (64e1335c07ed3bc7e2e7408c16242cd5668dc3bb-go1.24.7 vs ...-go1.24.8)
ok   scanner-rev: a toolchain other than go$GO_VERSION fails the build
ok   workflow: every step after the published check (scan, QA, publish) is skipped for a complete day; token only in the check and publish steps, both in a clean shell; a resumable stop chains the next run, bounded, only after a saved progress; QA starts only with 45 min left
ok   rpcscan: every scanner source but main.go is a symlink to ../scanner (no copied decoder), and the embedded IDLs equal the scanner's
ok   helius pilot workflow: dispatch only, read-only token, credit stop checked first (at most 15000), HELIUS_API_KEY only in the pilot step's env, inputs only through env, only the report uploaded
FAIL check-day 429: rc=1 disk on /tmp/tmp.bkJiHGpCG2/cd-ds: 999.0 GB free, 5.0 GB needed (the one-day QA dataset)
phase finalize (2026-09-20): 0 s
phase qa (2026-09-20): 0 s
phase parity (2026-09-20): 0 s
phase volume (2026-09-20): 0 s
volume asset: /tmp/tmp.bkJiHGpCG2/cd-assets-a/volume-hours-2026-09-20.csv
/home/user/Meme-snipe/research/historical/ci/check-day.sh: line 57: RPC_CREDIT_CAP: parameter null or not set
FAIL check-day: no duration for determinism
FAIL check-day rescan failure: rc=1
ok   rpc-day: a back-off stop exits 75 (resumable) and books the run's credits
ok   rpc-day: the next chained run may spend only what is left of the day's cap (900 of 1000), and the total adds up
ok   rpc-day: the cap spent mid-run exits 3 (not resumable) with the credits booked
ok   rpc-day: with the cap spent, no request is made (exit 3)
ok   rpc-day: units of another revision are reread
ok   rpc-day: at the time budget the read is interrupted, its credits booked, exit 75
ok   rpc-credits: a usage file without credits fails (never drops spent credits)
ok   check-day (helius): the determinism rescan is an RPC rpc-unit within what is left of the cap, its credits booked
ok   check-day (helius): with the cap spent, no rescan request and exit 3
ok   check-day (helius): an RPC back-off stop in the rescan is resumable (75)
ok   time-left: 55 min left, 45 needed: the phase runs
ok   time-left: 35 min left, 45 needed: exit 75 (resumable) and a summary line
ok   time-left: a bad argument is refused (exit 2), never read as time left
ok   disk-guard: passes at exactly the needed free space and logs it
ok   disk-guard: fails one byte short with a clear message
ok   archive-check: a scan run active or queued means no request and no dispatch
ok   archive-check: a 429 makes exactly one 64-byte request with the scanner's agent, logs status and cf-ray, dispatches nothing
ok   archive-check: a 206 dispatches once, the next 8 unpublished pre-holdout days at 80 MB/s
ok   archive-check: holdout days only after every pre-holdout day is published
ok   archive-check: a 206 of more than 64 bytes is not served
ok   archive-check: a 206 whose transfer failed (curl exit kept across the pipe) is not served
ok   archive-check: a 200 is not served, whatever its size
ok   archive-check: a network failure dispatches nothing
ok   archive-check: a server ignoring the range and streaming a chunked 200 is cut (64 bytes, curl exit 63) in 0 s, nothing dispatched
ok   archive-check: a real 206 of 64 bytes dispatches once
ok   archive-check workflow: every 3 hours plus dispatch, one job of one script step, token only there, no inputs in the shell, credentials not persisted
ok   data-scan source helius: refused without a cap of 1 to 1000000 or outside scan mode; the key only in the scan and QA steps and only for helius; own progress cache; the chain carries source and cap
102 passed, 3 failed
