
> meme-snipe@ check /home/user/Meme-snipe
> pnpm typecheck && pnpm test


> meme-snipe@ typecheck /home/user/Meme-snipe
> pnpm -r --if-present typecheck

Scope: 6 of 7 workspace projects
apps/web typecheck$ tsc -p tsconfig.json --noEmit
packages/backtest typecheck$ tsc -p tsconfig.json --noEmit
packages/core typecheck$ tsc -p tsconfig.json --noEmit
packages/ops typecheck$ tsc -p tsconfig.json --noEmit
packages/ops typecheck: Done
packages/runner typecheck$ tsc -p tsconfig.json --noEmit
packages/backtest typecheck: Done
packages/worker typecheck$ tsc -p tsconfig.json --noEmit
packages/runner typecheck: Done
apps/web typecheck: Done
packages/core typecheck: Done
packages/worker typecheck: Done

> meme-snipe@ test /home/user/Meme-snipe
> vitest run


 RUN  v5.0.3 /home/user/Meme-snipe

(node:1095) ExperimentalWarning: SQLite is an experimental feature and might change at any time
(Use `node --trace-warnings ...` to show where the warning was created)
(node:2248) ExperimentalWarning: SQLite is an experimental feature and might change at any time
(Use `node --trace-warnings ...` to show where the warning was created)
 ❯ |light| packages/worker/test/worker-flow.test.ts (22 tests | 1 failed) 8310ms
   ❯ the --reconcile entry (the host unit's ExecStartPre) (1)
     × settles what a killed worker left open, writes open_intents 0 and exits 0, as a separate process 4581ms
(node:2270) ExperimentalWarning: SQLite is an experimental feature and might change at any time
(Use `node --trace-warnings ...` to show where the warning was created)
(node:2336) ExperimentalWarning: SQLite is an experimental feature and might change at any time
(Use `node --trace-warnings ...` to show where the warning was created)
gpg: checking the trustdb
gpg: marginals needed: 3  completes needed: 1  trust model: pgp
gpg: depth: 0  valid:   1  signed:   0  trust: 0-, 0q, 0n, 0m, 0f, 1u
fatal: expected 'acknowledgments', received 'packfile'
warning: push negotiation failed; proceeding anyway with push
(node:2915) ExperimentalWarning: SQLite is an experimental feature and might change at any time
(Use `node --trace-warnings ...` to show where the warning was created)
(node:2995) ExperimentalWarning: SQLite is an experimental feature and might change at any time
(Use `node --trace-warnings ...` to show where the warning was created)
(node:3037) ExperimentalWarning: SQLite is an experimental feature and might change at any time
(Use `node --trace-warnings ...` to show where the warning was created)
(node:3135) ExperimentalWarning: SQLite is an experimental feature and might change at any time
(Use `node --trace-warnings ...` to show where the warning was created)
(node:3462) ExperimentalWarning: SQLite is an experimental feature and might change at any time
(Use `node --trace-warnings ...` to show where the warning was created)
(node:3469) ExperimentalWarning: SQLite is an experimental feature and might change at any time
(Use `node --trace-warnings ...` to show where the warning was created)
(node:3568) ExperimentalWarning: SQLite is an experimental feature and might change at any time
(Use `node --trace-warnings ...` to show where the warning was created)
(node:4267) ExperimentalWarning: SQLite is an experimental feature and might change at any time
(Use `node --trace-warnings ...` to show where the warning was created)
(node:4281) ExperimentalWarning: SQLite is an experimental feature and might change at any time
(Use `node --trace-warnings ...` to show where the warning was created)
(node:4302) ExperimentalWarning: SQLite is an experimental feature and might change at any time
(Use `node --trace-warnings ...` to show where the warning was created)
(node:4330) ExperimentalWarning: SQLite is an experimental feature and might change at any time
(Use `node --trace-warnings ...` to show where the warning was created)
(node:4372) ExperimentalWarning: SQLite is an experimental feature and might change at any time
(Use `node --trace-warnings ...` to show where the warning was created)
(node:4442) ExperimentalWarning: SQLite is an experimental feature and might change at any time
(Use `node --trace-warnings ...` to show where the warning was created)
(node:4505) ExperimentalWarning: SQLite is an experimental feature and might change at any time
(Use `node --trace-warnings ...` to show where the warning was created)

⎯⎯⎯⎯⎯⎯⎯ Failed Tests 1 ⎯⎯⎯⎯⎯⎯⎯

 FAIL  |light| packages/worker/test/worker-flow.test.ts > the --reconcile entry (the host unit's ExecStartPre) > settles what a killed worker left open, writes open_intents 0 and exits 0, as a separate process
AssertionError: expected '1\n' to be '0\n' // Object.is equality

- Expected
+ Received

- 0
+ 1


 ❯ packages/worker/test/worker-flow.test.ts:437:68
    435|     });
    436|     expect(r.status, r.stderr).toBe(0);
    437|     expect(readFileSync(join(h.stateDir, 'open_intents'), 'utf8')).toB…
       |                                                                    ^
    438|     const report = checkJournal(journalText(h.stateDir));
    439|     expect(report.problems).toEqual([]);

⎯⎯⎯⎯⎯⎯⎯⎯⎯⎯⎯⎯⎯⎯⎯⎯⎯⎯⎯⎯⎯⎯⎯⎯[1/1]⎯


 Test Files  1 failed | 129 passed (130)
      Tests  1 failed | 4209 passed (4210)
   Start at  00:26:29
   Duration  555.07s (tests 96%, import 3%, transform 1%)

 ELIFECYCLE  Test failed. See above for more details.
 ELIFECYCLE  Command failed with exit code 1.
