
> meme-snipe@ check /home/user/Meme-snipe
> pnpm typecheck && pnpm test


> meme-snipe@ typecheck /home/user/Meme-snipe
> pnpm -r --if-present typecheck

Scope: 6 of 7 workspace projects
apps/web typecheck$ tsc -p tsconfig.json --noEmit
packages/backtest typecheck$ tsc -p tsconfig.json --noEmit
packages/core typecheck$ tsc -p tsconfig.json --noEmit
packages/ops typecheck$ tsc -p tsconfig.json --noEmit
packages/ops typecheck: Done
packages/runner typecheck$ tsc -p tsconfig.json --noEmit
packages/backtest typecheck: Done
packages/worker typecheck$ tsc -p tsconfig.json --noEmit
apps/web typecheck: Done
packages/runner typecheck: Done
packages/core typecheck: Done
packages/worker typecheck: Done

> meme-snipe@ test /home/user/Meme-snipe
> vitest run


 RUN  v5.0.3 /home/user/Meme-snipe

(node:5453) ExperimentalWarning: SQLite is an experimental feature and might change at any time
(Use `node --trace-warnings ...` to show where the warning was created)
(node:6689) ExperimentalWarning: SQLite is an experimental feature and might change at any time
(Use `node --trace-warnings ...` to show where the warning was created)
(node:6825) ExperimentalWarning: SQLite is an experimental feature and might change at any time
(Use `node --trace-warnings ...` to show where the warning was created)
(node:6881) ExperimentalWarning: SQLite is an experimental feature and might change at any time
(Use `node --trace-warnings ...` to show where the warning was created)
gpg: checking the trustdb
gpg: marginals needed: 3  completes needed: 1  trust model: pgp
gpg: depth: 0  valid:   1  signed:   0  trust: 0-, 0q, 0n, 0m, 0f, 1u
fatal: expected 'acknowledgments', received 'packfile'
warning: push negotiation failed; proceeding anyway with push
(node:7255) ExperimentalWarning: SQLite is an experimental feature and might change at any time
(Use `node --trace-warnings ...` to show where the warning was created)
(node:7545) ExperimentalWarning: SQLite is an experimental feature and might change at any time
(Use `node --trace-warnings ...` to show where the warning was created)
(node:7613) ExperimentalWarning: SQLite is an experimental feature and might change at any time
(Use `node --trace-warnings ...` to show where the warning was created)
(node:7691) ExperimentalWarning: SQLite is an experimental feature and might change at any time
(Use `node --trace-warnings ...` to show where the warning was created)
(node:7846) ExperimentalWarning: SQLite is an experimental feature and might change at any time
(Use `node --trace-warnings ...` to show where the warning was created)
(node:8033) ExperimentalWarning: SQLite is an experimental feature and might change at any time
(Use `node --trace-warnings ...` to show where the warning was created)
(node:8766) ExperimentalWarning: SQLite is an experimental feature and might change at any time
(Use `node --trace-warnings ...` to show where the warning was created)
(node:8820) ExperimentalWarning: SQLite is an experimental feature and might change at any time
(Use `node --trace-warnings ...` to show where the warning was created)
(node:8841) ExperimentalWarning: SQLite is an experimental feature and might change at any time
(Use `node --trace-warnings ...` to show where the warning was created)
(node:8855) ExperimentalWarning: SQLite is an experimental feature and might change at any time
(Use `node --trace-warnings ...` to show where the warning was created)
(node:8862) ExperimentalWarning: SQLite is an experimental feature and might change at any time
(Use `node --trace-warnings ...` to show where the warning was created)
(node:8935) ExperimentalWarning: SQLite is an experimental feature and might change at any time
(Use `node --trace-warnings ...` to show where the warning was created)
(node:9026) ExperimentalWarning: SQLite is an experimental feature and might change at any time
(Use `node --trace-warnings ...` to show where the warning was created)
(node:9075) ExperimentalWarning: SQLite is an experimental feature and might change at any time
(Use `node --trace-warnings ...` to show where the warning was created)

 Test Files  130 passed (130)
      Tests  4210 passed (4210)
   Start at  00:36:26
   Duration  516.35s (tests 96%, import 3%, transform 1%)

