
> meme-snipe@ check /home/user/Meme-snipe
> pnpm typecheck && pnpm test


> meme-snipe@ typecheck /home/user/Meme-snipe
> pnpm -r --if-present typecheck

Scope: 6 of 7 workspace projects
apps/web typecheck$ tsc -p tsconfig.json --noEmit
packages/backtest typecheck$ tsc -p tsconfig.json --noEmit
packages/core typecheck$ tsc -p tsconfig.json --noEmit
packages/ops typecheck$ tsc -p tsconfig.json --noEmit
packages/ops typecheck: Done
packages/runner typecheck$ tsc -p tsconfig.json --noEmit
packages/runner typecheck: Done
packages/worker typecheck$ tsc -p tsconfig.json --noEmit
packages/backtest typecheck: Done
apps/web typecheck: Done
packages/core typecheck: Done
packages/worker typecheck: Done

> meme-snipe@ test /home/user/Meme-snipe
> vitest run


 RUN  v5.0.3 /home/user/Meme-snipe

(node:6131) ExperimentalWarning: SQLite is an experimental feature and might change at any time
(Use `node --trace-warnings ...` to show where the warning was created)
(node:6132) ExperimentalWarning: SQLite is an experimental feature and might change at any time
(Use `node --trace-warnings ...` to show where the warning was created)
(node:6209) ExperimentalWarning: SQLite is an experimental feature and might change at any time
(Use `node --trace-warnings ...` to show where the warning was created)
(node:6446) ExperimentalWarning: SQLite is an experimental feature and might change at any time
(Use `node --trace-warnings ...` to show where the warning was created)
(node:6547) ExperimentalWarning: SQLite is an experimental feature and might change at any time
(Use `node --trace-warnings ...` to show where the warning was created)
(node:6598) ExperimentalWarning: SQLite is an experimental feature and might change at any time
(Use `node --trace-warnings ...` to show where the warning was created)
gpg: checking the trustdb
gpg: marginals needed: 3  completes needed: 1  trust model: pgp
gpg: depth: 0  valid:   1  signed:   0  trust: 0-, 0q, 0n, 0m, 0f, 1u
fatal: expected 'acknowledgments', received 'packfile'
warning: push negotiation failed; proceeding anyway with push
(node:7129) ExperimentalWarning: SQLite is an experimental feature and might change at any time
(Use `node --trace-warnings ...` to show where the warning was created)
(node:7138) ExperimentalWarning: SQLite is an experimental feature and might change at any time
(Use `node --trace-warnings ...` to show where the warning was created)
(node:7294) ExperimentalWarning: SQLite is an experimental feature and might change at any time
(Use `node --trace-warnings ...` to show where the warning was created)
(node:7359) ExperimentalWarning: SQLite is an experimental feature and might change at any time
(Use `node --trace-warnings ...` to show where the warning was created)
(node:7380) ExperimentalWarning: SQLite is an experimental feature and might change at any time
(Use `node --trace-warnings ...` to show where the warning was created)
(node:7398) ExperimentalWarning: SQLite is an experimental feature and might change at any time
(Use `node --trace-warnings ...` to show where the warning was created)
(node:7880) ExperimentalWarning: SQLite is an experimental feature and might change at any time
(Use `node --trace-warnings ...` to show where the warning was created)
(node:7887) ExperimentalWarning: SQLite is an experimental feature and might change at any time
(Use `node --trace-warnings ...` to show where the warning was created)
(node:7895) ExperimentalWarning: SQLite is an experimental feature and might change at any time
(Use `node --trace-warnings ...` to show where the warning was created)
(node:7965) ExperimentalWarning: SQLite is an experimental feature and might change at any time
(Use `node --trace-warnings ...` to show where the warning was created)
(node:8000) ExperimentalWarning: SQLite is an experimental feature and might change at any time
(Use `node --trace-warnings ...` to show where the warning was created)
(node:8072) ExperimentalWarning: SQLite is an experimental feature and might change at any time
(Use `node --trace-warnings ...` to show where the warning was created)
(node:8361) ExperimentalWarning: SQLite is an experimental feature and might change at any time
(Use `node --trace-warnings ...` to show where the warning was created)

 Test Files  121 passed (121)
      Tests  3836 passed (3836)
   Start at  21:42:03
   Duration  637.61s (tests 90%, import 8%, transform 1%)

exit 0
