      Tests  13 passed (13)
[T1 frames cut at cut (no tail)] ⎯⎯⎯⎯⎯⎯⎯ Failed Tests 2 ⎯⎯⎯⎯⎯⎯⎯
      Tests  2 failed | 11 passed (13)
[T2 decisions read into tail]       Tests  13 passed (13)
[T3 entries in tail judged] ⎯⎯⎯⎯⎯⎯⎯ Failed Tests 1 ⎯⎯⎯⎯⎯⎯⎯
      Tests  1 failed | 12 passed (13)
[T4 open kept dropped] ⎯⎯⎯⎯⎯⎯⎯ Failed Tests 1 ⎯⎯⎯⎯⎯⎯⎯
      Tests  1 failed | 12 passed (13)
[T5 kept censored still pass] ⎯⎯⎯⎯⎯⎯⎯ Failed Tests 1 ⎯⎯⎯⎯⎯⎯⎯
      Tests  1 failed | 12 passed (13)
[T6 short tail accepted] ⎯⎯⎯⎯⎯⎯⎯ Failed Tests 1 ⎯⎯⎯⎯⎯⎯⎯
      Tests  1 failed | 12 passed (13)
[T7 run need not reach tail end] ⎯⎯⎯⎯⎯⎯⎯ Failed Tests 1 ⎯⎯⎯⎯⎯⎯⎯
      Tests  1 failed | 12 passed (13)
[T8 cf entering in tail counted] ⎯⎯⎯⎯⎯⎯⎯ Failed Tests 1 ⎯⎯⎯⎯⎯⎯⎯
      Tests  1 failed | 12 passed (13)
[T9 min tail without blocked retries] ⎯⎯⎯⎯⎯⎯⎯ Failed Tests 1 ⎯⎯⎯⎯⎯⎯⎯
      Tests  1 failed | 12 passed (13)
[T10 tail cap ignored] ⎯⎯⎯⎯⎯⎯⎯ Failed Tests 1 ⎯⎯⎯⎯⎯⎯⎯
      Tests  1 failed | 12 passed (13)
[T11 sims of post-cut trades counted]       Tests  13 passed (13)

[exited with code 0]
